# serializer version: 1
# name: test_fetch_consumption_forecast
  list([
    dict({
      'consumption': 15660.0,
      'datetime': datetime.datetime(2025, 2, 28, 0, 0, tzinfo=datetime.timezone(datetime.timedelta(days=-1, seconds=68400), 'UTC-5')),
      'source': 'ieso.ca',
      'sourceType': <EventSourceType.forecasted: 'forecasted'>,
      'zoneKey': 'CA-ON',
    }),
    dict({
      'consumption': 15363.0,
      'datetime': datetime.datetime(2025, 2, 28, 1, 0, tzinfo=datetime.timezone(datetime.timedelta(days=-1, seconds=68400), 'UTC-5')),
      'source': 'ieso.ca',
      'sourceType': <EventSourceType.forecasted: 'forecasted'>,
      'zoneKey': 'CA-ON',
    }),
    dict({
      'consumption': 15290.0,
      'datetime': datetime.datetime(2025, 2, 28, 2, 0, tzinfo=datetime.timezone(datetime.timedelta(days=-1, seconds=68400), 'UTC-5')),
      'source': 'ieso.ca',
      'sourceType': <EventSourceType.forecasted: 'forecasted'>,
      'zoneKey': 'CA-ON',
    }),
    dict({
      'consumption': 15280.0,
      'datetime': datetime.datetime(2025, 2, 28, 3, 0, tzinfo=datetime.timezone(datetime.timedelta(days=-1, seconds=68400), 'UTC-5')),
      'source': 'ieso.ca',
      'sourceType': <EventSourceType.forecasted: 'forecasted'>,
      'zoneKey': 'CA-ON',
    }),
    dict({
      'consumption': 15934.0,
      'datetime': datetime.datetime(2025, 2, 28, 4, 0, tzinfo=datetime.timezone(datetime.timedelta(days=-1, seconds=68400), 'UTC-5')),
      'source': 'ieso.ca',
      'sourceType': <EventSourceType.forecasted: 'forecasted'>,
      'zoneKey': 'CA-ON',
    }),
    dict({
      'consumption': 16942.0,
      'datetime': datetime.datetime(2025, 2, 28, 5, 0, tzinfo=datetime.timezone(datetime.timedelta(days=-1, seconds=68400), 'UTC-5')),
      'source': 'ieso.ca',
      'sourceType': <EventSourceType.forecasted: 'forecasted'>,
      'zoneKey': 'CA-ON',
    }),
    dict({
      'consumption': 18185.0,
      'datetime': datetime.datetime(2025, 2, 28, 6, 0, tzinfo=datetime.timezone(datetime.timedelta(days=-1, seconds=68400), 'UTC-5')),
      'source': 'ieso.ca',
      'sourceType': <EventSourceType.forecasted: 'forecasted'>,
      'zoneKey': 'CA-ON',
    }),
    dict({
      'consumption': 18770.0,
      'datetime': datetime.datetime(2025, 2, 28, 7, 0, tzinfo=datetime.timezone(datetime.timedelta(days=-1, seconds=68400), 'UTC-5')),
      'source': 'ieso.ca',
      'sourceType': <EventSourceType.forecasted: 'forecasted'>,
      'zoneKey': 'CA-ON',
    }),
    dict({
      'consumption': 18985.0,
      'datetime': datetime.datetime(2025, 2, 28, 8, 0, tzinfo=datetime.timezone(datetime.timedelta(days=-1, seconds=68400), 'UTC-5')),
      'source': 'ieso.ca',
      'sourceType': <EventSourceType.forecasted: 'forecasted'>,
      'zoneKey': 'CA-ON',
    }),
    dict({
      'consumption': 18708.0,
      'datetime': datetime.datetime(2025, 2, 28, 9, 0, tzinfo=datetime.timezone(datetime.timedelta(days=-1, seconds=68400), 'UTC-5')),
      'source': 'ieso.ca',
      'sourceType': <EventSourceType.forecasted: 'forecasted'>,
      'zoneKey': 'CA-ON',
    }),
    dict({
      'consumption': 18450.0,
      'datetime': datetime.datetime(2025, 2, 28, 10, 0, tzinfo=datetime.timezone(datetime.timedelta(days=-1, seconds=68400), 'UTC-5')),
      'source': 'ieso.ca',
      'sourceType': <EventSourceType.forecasted: 'forecasted'>,
      'zoneKey': 'CA-ON',
    }),
    dict({
      'consumption': 18271.0,
      'datetime': datetime.datetime(2025, 2, 28, 11, 0, tzinfo=datetime.timezone(datetime.timedelta(days=-1, seconds=68400), 'UTC-5')),
      'source': 'ieso.ca',
      'sourceType': <EventSourceType.forecasted: 'forecasted'>,
      'zoneKey': 'CA-ON',
    }),
    dict({
      'consumption': 18054.0,
      'datetime': datetime.datetime(2025, 2, 28, 12, 0, tzinfo=datetime.timezone(datetime.timedelta(days=-1, seconds=68400), 'UTC-5')),
      'source': 'ieso.ca',
      'sourceType': <EventSourceType.forecasted: 'forecasted'>,
      'zoneKey': 'CA-ON',
    }),
    dict({
      'consumption': 17917.0,
      'datetime': datetime.datetime(2025, 2, 28, 13, 0, tzinfo=datetime.timezone(datetime.timedelta(days=-1, seconds=68400), 'UTC-5')),
      'source': 'ieso.ca',
      'sourceType': <EventSourceType.forecasted: 'forecasted'>,
      'zoneKey': 'CA-ON',
    }),
    dict({
      'consumption': 17986.0,
      'datetime': datetime.datetime(2025, 2, 28, 14, 0, tzinfo=datetime.timezone(datetime.timedelta(days=-1, seconds=68400), 'UTC-5')),
      'source': 'ieso.ca',
      'sourceType': <EventSourceType.forecasted: 'forecasted'>,
      'zoneKey': 'CA-ON',
    }),
    dict({
      'consumption': 18189.0,
      'datetime': datetime.datetime(2025, 2, 28, 15, 0, tzinfo=datetime.timezone(datetime.timedelta(days=-1, seconds=68400), 'UTC-5')),
      'source': 'ieso.ca',
      'sourceType': <EventSourceType.forecasted: 'forecasted'>,
      'zoneKey': 'CA-ON',
    }),
    dict({
      'consumption': 18729.0,
      'datetime': datetime.datetime(2025, 2, 28, 16, 0, tzinfo=datetime.timezone(datetime.timedelta(days=-1, seconds=68400), 'UTC-5')),
      'source': 'ieso.ca',
      'sourceType': <EventSourceType.forecasted: 'forecasted'>,
      'zoneKey': 'CA-ON',
    }),
    dict({
      'consumption': 19290.0,
      'datetime': datetime.datetime(2025, 2, 28, 17, 0, tzinfo=datetime.timezone(datetime.timedelta(days=-1, seconds=68400), 'UTC-5')),
      'source': 'ieso.ca',
      'sourceType': <EventSourceType.forecasted: 'forecasted'>,
      'zoneKey': 'CA-ON',
    }),
    dict({
      'consumption': 19440.0,
      'datetime': datetime.datetime(2025, 2, 28, 18, 0, tzinfo=datetime.timezone(datetime.timedelta(days=-1, seconds=68400), 'UTC-5')),
      'source': 'ieso.ca',
      'sourceType': <EventSourceType.forecasted: 'forecasted'>,
      'zoneKey': 'CA-ON',
    }),
    dict({
      'consumption': 19310.0,
      'datetime': datetime.datetime(2025, 2, 28, 19, 0, tzinfo=datetime.timezone(datetime.timedelta(days=-1, seconds=68400), 'UTC-5')),
      'source': 'ieso.ca',
      'sourceType': <EventSourceType.forecasted: 'forecasted'>,
      'zoneKey': 'CA-ON',
    }),
    dict({
      'consumption': 18860.0,
      'datetime': datetime.datetime(2025, 2, 28, 20, 0, tzinfo=datetime.timezone(datetime.timedelta(days=-1, seconds=68400), 'UTC-5')),
      'source': 'ieso.ca',
      'sourceType': <EventSourceType.forecasted: 'forecasted'>,
      'zoneKey': 'CA-ON',
    }),
    dict({
      'consumption': 18101.0,
      'datetime': datetime.datetime(2025, 2, 28, 21, 0, tzinfo=datetime.timezone(datetime.timedelta(days=-1, seconds=68400), 'UTC-5')),
      'source': 'ieso.ca',
      'sourceType': <EventSourceType.forecasted: 'forecasted'>,
      'zoneKey': 'CA-ON',
    }),
    dict({
      'consumption': 17101.0,
      'datetime': datetime.datetime(2025, 2, 28, 22, 0, tzinfo=datetime.timezone(datetime.timedelta(days=-1, seconds=68400), 'UTC-5')),
      'source': 'ieso.ca',
      'sourceType': <EventSourceType.forecasted: 'forecasted'>,
      'zoneKey': 'CA-ON',
    }),
    dict({
      'consumption': 16298.0,
      'datetime': datetime.datetime(2025, 2, 28, 23, 0, tzinfo=datetime.timezone(datetime.timedelta(days=-1, seconds=68400), 'UTC-5')),
      'source': 'ieso.ca',
      'sourceType': <EventSourceType.forecasted: 'forecasted'>,
      'zoneKey': 'CA-ON',
    }),
  ])
# ---
# name: test_fetch_wind_solar_forecasts
  list([
    dict({
      'correctedModes': list([
      ]),
      'datetime': datetime.datetime(2025, 2, 28, 9, 0, tzinfo=datetime.timezone(datetime.timedelta(days=-1, seconds=68400), 'UTC-5')),
      'production': dict({
        'solar': 586.7,
        'wind': 1280.6,
      }),
      'source': 'ieso.ca',
      'sourceType': <EventSourceType.forecasted: 'forecasted'>,
      'storage': dict({
      }),
      'zoneKey': 'CA-ON',
    }),
    dict({
      'correctedModes': list([
      ]),
      'datetime': datetime.datetime(2025, 2, 28, 10, 0, tzinfo=datetime.timezone(datetime.timedelta(days=-1, seconds=68400), 'UTC-5')),
      'production': dict({
        'solar': 672.2,
        'wind': 1325.6,
      }),
      'source': 'ieso.ca',
      'sourceType': <EventSourceType.forecasted: 'forecasted'>,
      'storage': dict({
      }),
      'zoneKey': 'CA-ON',
    }),
    dict({
      'correctedModes': list([
      ]),
      'datetime': datetime.datetime(2025, 2, 28, 11, 0, tzinfo=datetime.timezone(datetime.timedelta(days=-1, seconds=68400), 'UTC-5')),
      'production': dict({
        'solar': 656.2,
        'wind': 1672.4,
      }),
      'source': 'ieso.ca',
      'sourceType': <EventSourceType.forecasted: 'forecasted'>,
      'storage': dict({
      }),
      'zoneKey': 'CA-ON',
    }),
    dict({
      'correctedModes': list([
      ]),
      'datetime': datetime.datetime(2025, 2, 28, 12, 0, tzinfo=datetime.timezone(datetime.timedelta(days=-1, seconds=68400), 'UTC-5')),
      'production': dict({
        'solar': 613.3,
        'wind': 2006.3,
      }),
      'source': 'ieso.ca',
      'sourceType': <EventSourceType.forecasted: 'forecasted'>,
      'storage': dict({
      }),
      'zoneKey': 'CA-ON',
    }),
    dict({
      'correctedModes': list([
      ]),
      'datetime': datetime.datetime(2025, 2, 28, 13, 0, tzinfo=datetime.timezone(datetime.timedelta(days=-1, seconds=68400), 'UTC-5')),
      'production': dict({
        'solar': 587.7,
        'wind': 3726.5,
      }),
      'source': 'ieso.ca',
      'sourceType': <EventSourceType.forecasted: 'forecasted'>,
      'storage': dict({
      }),
      'zoneKey': 'CA-ON',
    }),
    dict({
      'correctedModes': list([
      ]),
      'datetime': datetime.datetime(2025, 2, 28, 14, 0, tzinfo=datetime.timezone(datetime.timedelta(days=-1, seconds=68400), 'UTC-5')),
      'production': dict({
        'solar': 502.7,
        'wind': 3842.1,
      }),
      'source': 'ieso.ca',
      'sourceType': <EventSourceType.forecasted: 'forecasted'>,
      'storage': dict({
      }),
      'zoneKey': 'CA-ON',
    }),
    dict({
      'correctedModes': list([
      ]),
      'datetime': datetime.datetime(2025, 2, 28, 15, 0, tzinfo=datetime.timezone(datetime.timedelta(days=-1, seconds=68400), 'UTC-5')),
      'production': dict({
        'solar': 380.8,
        'wind': 3988.4,
      }),
      'source': 'ieso.ca',
      'sourceType': <EventSourceType.forecasted: 'forecasted'>,
      'storage': dict({
      }),
      'zoneKey': 'CA-ON',
    }),
    dict({
      'correctedModes': list([
      ]),
      'datetime': datetime.datetime(2025, 2, 28, 16, 0, tzinfo=datetime.timezone(datetime.timedelta(days=-1, seconds=68400), 'UTC-5')),
      'production': dict({
        'solar': 207.7,
        'wind': 4069.5,
      }),
      'source': 'ieso.ca',
      'sourceType': <EventSourceType.forecasted: 'forecasted'>,
      'storage': dict({
      }),
      'zoneKey': 'CA-ON',
    }),
    dict({
      'correctedModes': list([
      ]),
      'datetime': datetime.datetime(2025, 2, 28, 17, 0, tzinfo=datetime.timezone(datetime.timedelta(days=-1, seconds=68400), 'UTC-5')),
      'production': dict({
        'solar': 32.4,
        'wind': 4156.9,
      }),
      'source': 'ieso.ca',
      'sourceType': <EventSourceType.forecasted: 'forecasted'>,
      'storage': dict({
      }),
      'zoneKey': 'CA-ON',
    }),
    dict({
      'correctedModes': list([
      ]),
      'datetime': datetime.datetime(2025, 2, 28, 18, 0, tzinfo=datetime.timezone(datetime.timedelta(days=-1, seconds=68400), 'UTC-5')),
      'production': dict({
        'solar': 0.2,
        'wind': 4109.0,
      }),
      'source': 'ieso.ca',
      'sourceType': <EventSourceType.forecasted: 'forecasted'>,
      'storage': dict({
      }),
      'zoneKey': 'CA-ON',
    }),
    dict({
      'correctedModes': list([
      ]),
      'datetime': datetime.datetime(2025, 2, 28, 19, 0, tzinfo=datetime.timezone(datetime.timedelta(days=-1, seconds=68400), 'UTC-5')),
      'production': dict({
        'solar': 0.0,
        'wind': 3944.8,
      }),
      'source': 'ieso.ca',
      'sourceType': <EventSourceType.forecasted: 'forecasted'>,
      'storage': dict({
      }),
      'zoneKey': 'CA-ON',
    }),
    dict({
      'correctedModes': list([
      ]),
      'datetime': datetime.datetime(2025, 2, 28, 20, 0, tzinfo=datetime.timezone(datetime.timedelta(days=-1, seconds=68400), 'UTC-5')),
      'production': dict({
        'solar': 0.0,
        'wind': 3973.6,
      }),
      'source': 'ieso.ca',
      'sourceType': <EventSourceType.forecasted: 'forecasted'>,
      'storage': dict({
      }),
      'zoneKey': 'CA-ON',
    }),
    dict({
      'correctedModes': list([
      ]),
      'datetime': datetime.datetime(2025, 2, 28, 21, 0, tzinfo=datetime.timezone(datetime.timedelta(days=-1, seconds=68400), 'UTC-5')),
      'production': dict({
        'solar': 0.0,
        'wind': 4082.1,
      }),
      'source': 'ieso.ca',
      'sourceType': <EventSourceType.forecasted: 'forecasted'>,
      'storage': dict({
      }),
      'zoneKey': 'CA-ON',
    }),
    dict({
      'correctedModes': list([
      ]),
      'datetime': datetime.datetime(2025, 2, 28, 22, 0, tzinfo=datetime.timezone(datetime.timedelta(days=-1, seconds=68400), 'UTC-5')),
      'production': dict({
        'solar': 0.0,
        'wind': 4258.9,
      }),
      'source': 'ieso.ca',
      'sourceType': <EventSourceType.forecasted: 'forecasted'>,
      'storage': dict({
      }),
      'zoneKey': 'CA-ON',
    }),
    dict({
      'correctedModes': list([
      ]),
      'datetime': datetime.datetime(2025, 2, 28, 23, 0, tzinfo=datetime.timezone(datetime.timedelta(days=-1, seconds=68400), 'UTC-5')),
      'production': dict({
        'solar': 0.0,
        'wind': 4432.9,
      }),
      'source': 'ieso.ca',
      'sourceType': <EventSourceType.forecasted: 'forecasted'>,
      'storage': dict({
      }),
      'zoneKey': 'CA-ON',
    }),
    dict({
      'correctedModes': list([
      ]),
      'datetime': datetime.datetime(2025, 3, 1, 0, 0, tzinfo=datetime.timezone(datetime.timedelta(days=-1, seconds=68400), 'UTC-5')),
      'production': dict({
        'solar': 0.0,
        'wind': 4518.8,
      }),
      'source': 'ieso.ca',
      'sourceType': <EventSourceType.forecasted: 'forecasted'>,
      'storage': dict({
      }),
      'zoneKey': 'CA-ON',
    }),
    dict({
      'correctedModes': list([
      ]),
      'datetime': datetime.datetime(2025, 3, 1, 1, 0, tzinfo=datetime.timezone(datetime.timedelta(days=-1, seconds=68400), 'UTC-5')),
      'production': dict({
        'solar': 0.0,
        'wind': 4509.3,
      }),
      'source': 'ieso.ca',
      'sourceType': <EventSourceType.forecasted: 'forecasted'>,
      'storage': dict({
      }),
      'zoneKey': 'CA-ON',
    }),
    dict({
      'correctedModes': list([
      ]),
      'datetime': datetime.datetime(2025, 3, 1, 2, 0, tzinfo=datetime.timezone(datetime.timedelta(days=-1, seconds=68400), 'UTC-5')),
      'production': dict({
        'solar': 0.0,
        'wind': 4462.1,
      }),
      'source': 'ieso.ca',
      'sourceType': <EventSourceType.forecasted: 'forecasted'>,
      'storage': dict({
      }),
      'zoneKey': 'CA-ON',
    }),
    dict({
      'correctedModes': list([
      ]),
      'datetime': datetime.datetime(2025, 3, 1, 3, 0, tzinfo=datetime.timezone(datetime.timedelta(days=-1, seconds=68400), 'UTC-5')),
      'production': dict({
        'solar': 0.0,
        'wind': 4434.1,
      }),
      'source': 'ieso.ca',
      'sourceType': <EventSourceType.forecasted: 'forecasted'>,
      'storage': dict({
      }),
      'zoneKey': 'CA-ON',
    }),
    dict({
      'correctedModes': list([
      ]),
      'datetime': datetime.datetime(2025, 3, 1, 4, 0, tzinfo=datetime.timezone(datetime.timedelta(days=-1, seconds=68400), 'UTC-5')),
      'production': dict({
        'solar': 0.0,
        'wind': 4360.1,
      }),
      'source': 'ieso.ca',
      'sourceType': <EventSourceType.forecasted: 'forecasted'>,
      'storage': dict({
      }),
      'zoneKey': 'CA-ON',
    }),
    dict({
      'correctedModes': list([
      ]),
      'datetime': datetime.datetime(2025, 3, 1, 5, 0, tzinfo=datetime.timezone(datetime.timedelta(days=-1, seconds=68400), 'UTC-5')),
      'production': dict({
        'solar': 0.0,
        'wind': 4299.0,
      }),
      'source': 'ieso.ca',
      'sourceType': <EventSourceType.forecasted: 'forecasted'>,
      'storage': dict({
      }),
      'zoneKey': 'CA-ON',
    }),
    dict({
      'correctedModes': list([
      ]),
      'datetime': datetime.datetime(2025, 3, 1, 6, 0, tzinfo=datetime.timezone(datetime.timedelta(days=-1, seconds=68400), 'UTC-5')),
      'production': dict({
        'solar': 0.1,
        'wind': 4227.8,
      }),
      'source': 'ieso.ca',
      'sourceType': <EventSourceType.forecasted: 'forecasted'>,
      'storage': dict({
      }),
      'zoneKey': 'CA-ON',
    }),
    dict({
      'correctedModes': list([
      ]),
      'datetime': datetime.datetime(2025, 3, 1, 7, 0, tzinfo=datetime.timezone(datetime.timedelta(days=-1, seconds=68400), 'UTC-5')),
      'production': dict({
        'solar': 34.4,
        'wind': 4149.3,
      }),
      'source': 'ieso.ca',
      'sourceType': <EventSourceType.forecasted: 'forecasted'>,
      'storage': dict({
      }),
      'zoneKey': 'CA-ON',
    }),
    dict({
      'correctedModes': list([
      ]),
      'datetime': datetime.datetime(2025, 3, 1, 8, 0, tzinfo=datetime.timezone(datetime.timedelta(days=-1, seconds=68400), 'UTC-5')),
      'production': dict({
        'solar': 164.1,
        'wind': 4057.2,
      }),
      'source': 'ieso.ca',
      'sourceType': <EventSourceType.forecasted: 'forecasted'>,
      'storage': dict({
      }),
      'zoneKey': 'CA-ON',
    }),
    dict({
      'correctedModes': list([
      ]),
      'datetime': datetime.datetime(2025, 3, 1, 9, 0, tzinfo=datetime.timezone(datetime.timedelta(days=-1, seconds=68400), 'UTC-5')),
      'production': dict({
        'solar': 310.1,
        'wind': 3982.5,
      }),
      'source': 'ieso.ca',
      'sourceType': <EventSourceType.forecasted: 'forecasted'>,
      'storage': dict({
      }),
      'zoneKey': 'CA-ON',
    }),
    dict({
      'correctedModes': list([
      ]),
      'datetime': datetime.datetime(2025, 3, 1, 10, 0, tzinfo=datetime.timezone(datetime.timedelta(days=-1, seconds=68400), 'UTC-5')),
      'production': dict({
        'solar': 409.0,
        'wind': 3826.9,
      }),
      'source': 'ieso.ca',
      'sourceType': <EventSourceType.forecasted: 'forecasted'>,
      'storage': dict({
      }),
      'zoneKey': 'CA-ON',
    }),
    dict({
      'correctedModes': list([
      ]),
      'datetime': datetime.datetime(2025, 3, 1, 11, 0, tzinfo=datetime.timezone(datetime.timedelta(days=-1, seconds=68400), 'UTC-5')),
      'production': dict({
        'solar': 485.0,
        'wind': 3671.1,
      }),
      'source': 'ieso.ca',
      'sourceType': <EventSourceType.forecasted: 'forecasted'>,
      'storage': dict({
      }),
      'zoneKey': 'CA-ON',
    }),
    dict({
      'correctedModes': list([
      ]),
      'datetime': datetime.datetime(2025, 3, 1, 12, 0, tzinfo=datetime.timezone(datetime.timedelta(days=-1, seconds=68400), 'UTC-5')),
      'production': dict({
        'solar': 524.4,
        'wind': 3531.7,
      }),
      'source': 'ieso.ca',
      'sourceType': <EventSourceType.forecasted: 'forecasted'>,
      'storage': dict({
      }),
      'zoneKey': 'CA-ON',
    }),
    dict({
      'correctedModes': list([
      ]),
      'datetime': datetime.datetime(2025, 3, 1, 13, 0, tzinfo=datetime.timezone(datetime.timedelta(days=-1, seconds=68400), 'UTC-5')),
      'production': dict({
        'solar': 564.4,
        'wind': 3376.7,
      }),
      'source': 'ieso.ca',
      'sourceType': <EventSourceType.forecasted: 'forecasted'>,
      'storage': dict({
      }),
      'zoneKey': 'CA-ON',
    }),
    dict({
      'correctedModes': list([
      ]),
      'datetime': datetime.datetime(2025, 3, 1, 14, 0, tzinfo=datetime.timezone(datetime.timedelta(days=-1, seconds=68400), 'UTC-5')),
      'production': dict({
        'solar': 549.9,
        'wind': 3242.3,
      }),
      'source': 'ieso.ca',
      'sourceType': <EventSourceType.forecasted: 'forecasted'>,
      'storage': dict({
      }),
      'zoneKey': 'CA-ON',
    }),
    dict({
      'correctedModes': list([
      ]),
      'datetime': datetime.datetime(2025, 3, 1, 15, 0, tzinfo=datetime.timezone(datetime.timedelta(days=-1, seconds=68400), 'UTC-5')),
      'production': dict({
        'solar': 463.4,
        'wind': 3117.1,
      }),
      'source': 'ieso.ca',
      'sourceType': <EventSourceType.forecasted: 'forecasted'>,
      'storage': dict({
      }),
      'zoneKey': 'CA-ON',
    }),
    dict({
      'correctedModes': list([
      ]),
      'datetime': datetime.datetime(2025, 3, 1, 16, 0, tzinfo=datetime.timezone(datetime.timedelta(days=-1, seconds=68400), 'UTC-5')),
      'production': dict({
        'solar': 269.4,
        'wind': 2933.0,
      }),
      'source': 'ieso.ca',
      'sourceType': <EventSourceType.forecasted: 'forecasted'>,
      'storage': dict({
      }),
      'zoneKey': 'CA-ON',
    }),
    dict({
      'correctedModes': list([
      ]),
      'datetime': datetime.datetime(2025, 3, 1, 17, 0, tzinfo=datetime.timezone(datetime.timedelta(days=-1, seconds=68400), 'UTC-5')),
      'production': dict({
        'solar': 42.0,
        'wind': 2723.4,
      }),
      'source': 'ieso.ca',
      'sourceType': <EventSourceType.forecasted: 'forecasted'>,
      'storage': dict({
      }),
      'zoneKey': 'CA-ON',
    }),
    dict({
      'correctedModes': list([
      ]),
      'datetime': datetime.datetime(2025, 3, 1, 18, 0, tzinfo=datetime.timezone(datetime.timedelta(days=-1, seconds=68400), 'UTC-5')),
      'production': dict({
        'solar': 0.3,
        'wind': 2518.1,
      }),
      'source': 'ieso.ca',
      'sourceType': <EventSourceType.forecasted: 'forecasted'>,
      'storage': dict({
      }),
      'zoneKey': 'CA-ON',
    }),
    dict({
      'correctedModes': list([
      ]),
      'datetime': datetime.datetime(2025, 3, 1, 19, 0, tzinfo=datetime.timezone(datetime.timedelta(days=-1, seconds=68400), 'UTC-5')),
      'production': dict({
        'solar': 0.0,
        'wind': 2379.9,
      }),
      'source': 'ieso.ca',
      'sourceType': <EventSourceType.forecasted: 'forecasted'>,
      'storage': dict({
      }),
      'zoneKey': 'CA-ON',
    }),
    dict({
      'correctedModes': list([
      ]),
      'datetime': datetime.datetime(2025, 3, 1, 20, 0, tzinfo=datetime.timezone(datetime.timedelta(days=-1, seconds=68400), 'UTC-5')),
      'production': dict({
        'solar': 0.0,
        'wind': 2257.6,
      }),
      'source': 'ieso.ca',
      'sourceType': <EventSourceType.forecasted: 'forecasted'>,
      'storage': dict({
      }),
      'zoneKey': 'CA-ON',
    }),
    dict({
      'correctedModes': list([
      ]),
      'datetime': datetime.datetime(2025, 3, 1, 21, 0, tzinfo=datetime.timezone(datetime.timedelta(days=-1, seconds=68400), 'UTC-5')),
      'production': dict({
        'solar': 0.0,
        'wind': 2190.2,
      }),
      'source': 'ieso.ca',
      'sourceType': <EventSourceType.forecasted: 'forecasted'>,
      'storage': dict({
      }),
      'zoneKey': 'CA-ON',
    }),
    dict({
      'correctedModes': list([
      ]),
      'datetime': datetime.datetime(2025, 3, 1, 22, 0, tzinfo=datetime.timezone(datetime.timedelta(days=-1, seconds=68400), 'UTC-5')),
      'production': dict({
        'solar': 0.0,
        'wind': 2039.3,
      }),
      'source': 'ieso.ca',
      'sourceType': <EventSourceType.forecasted: 'forecasted'>,
      'storage': dict({
      }),
      'zoneKey': 'CA-ON',
    }),
    dict({
      'correctedModes': list([
      ]),
      'datetime': datetime.datetime(2025, 3, 1, 23, 0, tzinfo=datetime.timezone(datetime.timedelta(days=-1, seconds=68400), 'UTC-5')),
      'production': dict({
        'solar': 0.0,
        'wind': 1872.0,
      }),
      'source': 'ieso.ca',
      'sourceType': <EventSourceType.forecasted: 'forecasted'>,
      'storage': dict({
      }),
      'zoneKey': 'CA-ON',
    }),
    dict({
      'correctedModes': list([
      ]),
      'datetime': datetime.datetime(2025, 3, 2, 0, 0, tzinfo=datetime.timezone(datetime.timedelta(days=-1, seconds=68400), 'UTC-5')),
      'production': dict({
        'solar': 0.0,
        'wind': 1700.9,
      }),
      'source': 'ieso.ca',
      'sourceType': <EventSourceType.forecasted: 'forecasted'>,
      'storage': dict({
      }),
      'zoneKey': 'CA-ON',
    }),
    dict({
      'correctedModes': list([
      ]),
      'datetime': datetime.datetime(2025, 3, 2, 1, 0, tzinfo=datetime.timezone(datetime.timedelta(days=-1, seconds=68400), 'UTC-5')),
      'production': dict({
        'solar': 0.0,
        'wind': 1527.8,
      }),
      'source': 'ieso.ca',
      'sourceType': <EventSourceType.forecasted: 'forecasted'>,
      'storage': dict({
      }),
      'zoneKey': 'CA-ON',
    }),
    dict({
      'correctedModes': list([
      ]),
      'datetime': datetime.datetime(2025, 3, 2, 2, 0, tzinfo=datetime.timezone(datetime.timedelta(days=-1, seconds=68400), 'UTC-5')),
      'production': dict({
        'solar': 0.0,
        'wind': 1345.2,
      }),
      'source': 'ieso.ca',
      'sourceType': <EventSourceType.forecasted: 'forecasted'>,
      'storage': dict({
      }),
      'zoneKey': 'CA-ON',
    }),
    dict({
      'correctedModes': list([
      ]),
      'datetime': datetime.datetime(2025, 3, 2, 3, 0, tzinfo=datetime.timezone(datetime.timedelta(days=-1, seconds=68400), 'UTC-5')),
      'production': dict({
        'solar': 0.0,
        'wind': 1169.7,
      }),
      'source': 'ieso.ca',
      'sourceType': <EventSourceType.forecasted: 'forecasted'>,
      'storage': dict({
      }),
      'zoneKey': 'CA-ON',
    }),
    dict({
      'correctedModes': list([
      ]),
      'datetime': datetime.datetime(2025, 3, 2, 4, 0, tzinfo=datetime.timezone(datetime.timedelta(days=-1, seconds=68400), 'UTC-5')),
      'production': dict({
        'solar': 0.0,
        'wind': 1014.0,
      }),
      'source': 'ieso.ca',
      'sourceType': <EventSourceType.forecasted: 'forecasted'>,
      'storage': dict({
      }),
      'zoneKey': 'CA-ON',
    }),
    dict({
      'correctedModes': list([
      ]),
      'datetime': datetime.datetime(2025, 3, 2, 5, 0, tzinfo=datetime.timezone(datetime.timedelta(days=-1, seconds=68400), 'UTC-5')),
      'production': dict({
        'solar': 0.0,
        'wind': 888.6,
      }),
      'source': 'ieso.ca',
      'sourceType': <EventSourceType.forecasted: 'forecasted'>,
      'storage': dict({
      }),
      'zoneKey': 'CA-ON',
    }),
    dict({
      'correctedModes': list([
      ]),
      'datetime': datetime.datetime(2025, 3, 2, 6, 0, tzinfo=datetime.timezone(datetime.timedelta(days=-1, seconds=68400), 'UTC-5')),
      'production': dict({
        'solar': 1.0,
        'wind': 803.5,
      }),
      'source': 'ieso.ca',
      'sourceType': <EventSourceType.forecasted: 'forecasted'>,
      'storage': dict({
      }),
      'zoneKey': 'CA-ON',
    }),
    dict({
      'correctedModes': list([
      ]),
      'datetime': datetime.datetime(2025, 3, 2, 7, 0, tzinfo=datetime.timezone(datetime.timedelta(days=-1, seconds=68400), 'UTC-5')),
      'production': dict({
        'solar': 87.6,
        'wind': 758.3,
      }),
      'source': 'ieso.ca',
      'sourceType': <EventSourceType.forecasted: 'forecasted'>,
      'storage': dict({
      }),
      'zoneKey': 'CA-ON',
    }),
    dict({
      'correctedModes': list([
      ]),
      'datetime': datetime.datetime(2025, 3, 2, 8, 0, tzinfo=datetime.timezone(datetime.timedelta(days=-1, seconds=68400), 'UTC-5')),
      'production': dict({
        'solar': 322.0,
        'wind': 797.1,
      }),
      'source': 'ieso.ca',
      'sourceType': <EventSourceType.forecasted: 'forecasted'>,
      'storage': dict({
      }),
      'zoneKey': 'CA-ON',
    }),
  ])
# ---
